<html>
<body>
<pre>
<h1>礦ision Build Log</h1>
<h2>Tool Versions:</h2>
IDE-Version: μVision V5.15
Copyright (C) 2015 ARM Ltd and ARM Germany GmbH. All rights reserved.
License Information: 1 Microsoft, Microsoft, LIC=NHYII-TP4H3-68NFC-7BB58-DMA3E-AB9HL
 
Tool Versions:
Toolchain:       MDK-ARM Professional  Version: 5.15.0
Toolchain Path:  D:\KEIL_MDK\ARM\ARMCC\Bin
C Compiler:      Armcc.exe V5.05 update 2 (build 169)
Assembler:       Armasm.exe V5.05 update 2 (build 169)
Linker/Locator:  ArmLink.exe V5.05 update 2 (build 169)
Library Manager: ArmAr.exe V5.05 update 2 (build 169)
Hex Converter:   FromElf.exe V5.05 update 2 (build 169)
CPU DLL:         SARMCM3.DLL V5.15.0
Dialog DLL:      DARMCM1.DLL V1.12.0.0
Target DLL:      STLink\ST-LINKIII-KEIL_SWO.dll V2.0.15.0_KEIL
Dialog DLL:      TARMCM1.DLL V1.9.0.0
 
<h2>Project:</h2>
D:\用户目录\我的文档\Tencent Files\846488073\FileRecv\mod_led-V1.1\MDK-ARM\mod_led.uvprojx
Project File Date:  03/22/2018

<h2>Output:</h2>
*** Using Compiler 'V5.05 update 2 (build 169)', folder: 'D:\KEIL_MDK\ARM\ARMCC\Bin'
Build target 'mod_led'
assembling startup_stm32f030x8.s...
compiling main.c...
compiling stm32f0xx_it.c...
compiling system_stm32f0xx.c...
compiling stm32f0xx_adc.c...
compiling stm32f0xx_exti.c...
compiling stm32f0xx_gpio.c...
compiling stm32f0xx_pwr.c...
compiling stm32f0xx_rcc.c...
compiling stm32f0xx_syscfg.c...
compiling stm32f0xx_tim.c...
compiling stm32f0xx_misc.c...
compiling stm32f0xx_dma.c...
compiling stm32f0xx_usart.c...
compiling led.c...
compiling systick.c...
compiling key.c...
compiling RS485.c...
compiling dial_switch.c...
compiling mbascii.c...
compiling mbfunccoils.c...
compiling mbfuncdiag.c...
compiling mbfuncdisc.c...
compiling mbfuncholding.c...
compiling mbfuncinput.c...
compiling mbfuncother.c...
compiling mbutils.c...
compiling mbcrc.c...
compiling mbrtu.c...
compiling mbtcp.c...
compiling mb.c...
compiling port.c...
compiling portevent.c...
compiling portserial.c...
compiling porttimer.c...
linking...
Program Size: Code=6816 RO-data=736 RW-data=328 ZI-data=1344  
FromELF: creating hex file...
"..\OBJ\TEST.axf" - 0 Error(s), 0 Warning(s).

<h2>Software Packages used:</h2>

Package Vendor: ARM
                http://www.keil.com/pack/ARM.CMSIS.4.3.0.pack
                ARM::CMSIS:CORE:4.1.0
                CMSIS (Cortex Microcontroller Software Interface Standard)
   * Component: CORE Version: 4.1.0

<h2>Collection of Component include folders:</h2>
  D:\用户目录\我的文档\Tencent Files\846488073\FileRecv\mod_led-V1.1\MDK-ARM\RTE
  D:\KEIL_MDK\ARM\PACK\ARM\CMSIS\4.3.0\CMSIS\Include
  D:\KEIL_MDK\ARM\PACK\Keil\STM32F0xx_DFP\1.5.0\Device\Include

<h2>Collection of Component Files used:</h2>

   * Component: ARM::CMSIS:CORE:4.1.0
</pre>
</body>
</html>
